[00] = +5 Dexterity Vest, 8, 18
[01] = Aged Brie, 0, 2
[02] = Elixir of the Mongoose, 3, 5
[03] = Sulfuras, Hand of Ragnaros, 0, 80
[04] = Sulfuras, Hand of Ragnaros, -1, 80
[05] = Backstage passes to a TAFKAL80ETC concert, 13, 22
[06] = Backstage passes to a TAFKAL80ETC concert, 8, 50
[07] = Backstage passes to a TAFKAL80ETC concert, 3, 50
[08] = Conjured Mana Cake, 1, 4
[09] = Aged Brie, 8, 32
[10] = Backstage passes to a TAFKAL80ETC concert, 10, 22
[11] = Backstage passes to a TAFKAL80ETC concert, 8, 50
[12] = Backstage passes to a TAFKAL80ETC concert, 3, 36
[13] = Backstage passes to a TAFKAL80ETC concert, -2, 0
[14] = Sulfuras, Hand of Ragnaros, 10, 80
[15] = Regular item, 8, 28
[16] = Regular item, -2, 26
[17] = Regular item, -3, 0
[18] = else, -3, 44
[19] = Aged Brie, -3, 50
[20] = Aged Brie, -3, 50
